// Jest Snapshot v1, https://goo.gl/fbAQLP

exports[`<Calendar month={date} /> should render a calendar for the specific month 1`] = `
<div>
  <div
    class="sc-bdfBwQ"
  >
    <table
      class="sc-gsTCUz"
    >
      <thead
        class="sc-dlfnbm"
      >
        <tr
          class="sc-hKgILt"
        >
          <th
            class="sc-eCssSg"
          >
            Sunday
          </th>
          <th
            class="sc-eCssSg"
          >
            Monday
          </th>
          <th
            class="sc-eCssSg"
          >
            Tuesday
          </th>
          <th
            class="sc-eCssSg"
          >
            Wednesday
          </th>
          <th
            class="sc-eCssSg"
          >
            Thursday
          </th>
          <th
            class="sc-eCssSg"
          >
            Friday
          </th>
          <th
            class="sc-eCssSg"
          >
            Saturday
          </th>
        </tr>
      </thead>
      <tbody
        class="sc-jSgupP"
      >
        <tr
          class="sc-gKsewC"
        >
          <td
            class="sc-iBPRYJ"
          >
            <span
              class="sc-fubCfw"
            >
              29
            </span>
          </td>
          <td
            class="sc-iBPRYJ"
          >
            <span
              class="sc-fubCfw"
            >
              30
            </span>
          </td>
          <td
            class="sc-iBPRYJ"
          >
            <span
              class="sc-fubCfw"
            >
              31
            </span>
          </td>
          <td
            class="sc-iBPRYJ"
          >
            <span
              class="sc-fubCfw"
            >
              1
            </span>
          </td>
          <td
            class="sc-iBPRYJ"
          >
            <span
              class="sc-fubCfw"
            >
              2
            </span>
          </td>
          <td
            class="sc-iBPRYJ"
          >
            <span
              class="sc-fubCfw"
            >
              3
            </span>
          </td>
          <td
            class="sc-iBPRYJ"
          >
            <span
              class="sc-fubCfw"
            >
              4
            </span>
          </td>
        </tr>
        <tr
          class="sc-gKsewC"
        >
          <td
            class="sc-iBPRYJ"
          >
            <span
              class="sc-fubCfw"
            >
              5
            </span>
          </td>
          <td
            class="sc-iBPRYJ"
          >
            <span
              class="sc-fubCfw"
            >
              6
            </span>
          </td>
          <td
            class="sc-iBPRYJ"
          >
            <span
              class="sc-fubCfw"
            >
              7
            </span>
          </td>
          <td
            class="sc-iBPRYJ"
          >
            <span
              class="sc-fubCfw"
            >
              8
            </span>
          </td>
          <td
            class="sc-iBPRYJ"
          >
            <span
              class="sc-fubCfw"
            >
              9
            </span>
          </td>
          <td
            class="sc-iBPRYJ"
          >
            <span
              class="sc-fubCfw"
            >
              10
            </span>
          </td>
          <td
            class="sc-iBPRYJ"
          >
            <span
              class="sc-fubCfw"
            >
              11
            </span>
          </td>
        </tr>
        <tr
          class="sc-gKsewC"
        >
          <td
            class="sc-iBPRYJ"
          >
            <span
              class="sc-fubCfw"
            >
              12
            </span>
          </td>
          <td
            class="sc-iBPRYJ"
          >
            <span
              class="sc-fubCfw"
            >
              13
            </span>
          </td>
          <td
            class="sc-iBPRYJ"
          >
            <span
              class="sc-fubCfw"
            >
              14
            </span>
          </td>
          <td
            class="sc-iBPRYJ"
          >
            <span
              class="sc-fubCfw"
            >
              15
            </span>
          </td>
          <td
            class="sc-iBPRYJ"
          >
            <span
              class="sc-fubCfw"
            >
              16
            </span>
          </td>
          <td
            class="sc-iBPRYJ"
          >
            <span
              class="sc-fubCfw"
            >
              17
            </span>
          </td>
          <td
            class="sc-iBPRYJ"
          >
            <span
              class="sc-fubCfw"
            >
              18
            </span>
          </td>
        </tr>
        <tr
          class="sc-gKsewC"
        >
          <td
            class="sc-iBPRYJ"
          >
            <span
              class="sc-fubCfw"
            >
              19
            </span>
          </td>
          <td
            class="sc-iBPRYJ"
          >
            <span
              class="sc-fubCfw"
            >
              20
            </span>
          </td>
          <td
            class="sc-iBPRYJ"
          >
            <span
              class="sc-fubCfw"
            >
              21
            </span>
          </td>
          <td
            class="sc-iBPRYJ"
          >
            <span
              class="sc-fubCfw"
            >
              22
            </span>
          </td>
          <td
            class="sc-iBPRYJ"
          >
            <span
              class="sc-fubCfw"
            >
              23
            </span>
          </td>
          <td
            class="sc-iBPRYJ"
          >
            <span
              class="sc-fubCfw"
            >
              24
            </span>
          </td>
          <td
            class="sc-iBPRYJ"
          >
            <span
              class="sc-fubCfw"
            >
              25
            </span>
          </td>
        </tr>
        <tr
          class="sc-gKsewC"
        >
          <td
            class="sc-iBPRYJ"
          >
            <span
              class="sc-fubCfw"
            >
              26
            </span>
          </td>
          <td
            class="sc-iBPRYJ"
          >
            <span
              class="sc-fubCfw"
            >
              27
            </span>
          </td>
          <td
            class="sc-iBPRYJ"
          >
            <span
              class="sc-fubCfw"
            >
              28
            </span>
          </td>
          <td
            class="sc-iBPRYJ"
          >
            <span
              class="sc-fubCfw"
            >
              29
            </span>
          </td>
          <td
            class="sc-iBPRYJ"
          >
            <span
              class="sc-fubCfw"
            >
              30
            </span>
          </td>
          <td
            class="sc-iBPRYJ"
          >
            <span
              class="sc-fubCfw"
            >
              31
            </span>
          </td>
          <td
            class="sc-iBPRYJ"
          >
            <span
              class="sc-fubCfw"
            >
              1
            </span>
          </td>
        </tr>
      </tbody>
    </table>
  </div>
</div>
`;
