// Jest Snapshot v1, https://goo.gl/fbAQLP

exports[`<Calendar month={date} /> should render a calendar for the specific month 1`] = `
<div>
  <div
    class="sc-bdfBwQ kITiQG"
  >
    <table
      class="sc-gsTCUz gmhGfL"
    >
      <thead
        class="sc-dlfnbm"
      >
        <tr
          class="sc-hKgILt"
        >
          <th
            class="sc-eCssSg diTdzL"
          >
            Sunday
          </th>
          <th
            class="sc-eCssSg diTdzL"
          >
            Monday
          </th>
          <th
            class="sc-eCssSg diTdzL"
          >
            Tuesday
          </th>
          <th
            class="sc-eCssSg diTdzL"
          >
            Wednesday
          </th>
          <th
            class="sc-eCssSg diTdzL"
          >
            Thursday
          </th>
          <th
            class="sc-eCssSg diTdzL"
          >
            Friday
          </th>
          <th
            class="sc-eCssSg diTdzL"
          >
            Saturday
          </th>
        </tr>
      </thead>
      <tbody
        class="sc-jSgupP"
      >
        <tr
          class="sc-gKsewC"
        >
          <td
            class="sc-iBPRYJ gozOoe"
          >
            29
          </td>
          <td
            class="sc-iBPRYJ gozOoe"
          >
            30
          </td>
          <td
            class="sc-iBPRYJ gozOoe"
          >
            31
          </td>
          <td
            class="sc-iBPRYJ gozOoe"
          >
            1
          </td>
          <td
            class="sc-iBPRYJ gozOoe"
          >
            2
          </td>
          <td
            class="sc-iBPRYJ gozOoe"
          >
            3
          </td>
          <td
            class="sc-iBPRYJ gozOoe"
          >
            4
          </td>
        </tr>
        <tr
          class="sc-gKsewC"
        >
          <td
            class="sc-iBPRYJ gozOoe"
          >
            5
          </td>
          <td
            class="sc-iBPRYJ gozOoe"
          >
            6
          </td>
          <td
            class="sc-iBPRYJ gozOoe"
          >
            7
          </td>
          <td
            class="sc-iBPRYJ gozOoe"
          >
            8
          </td>
          <td
            class="sc-iBPRYJ gozOoe"
          >
            9
          </td>
          <td
            class="sc-iBPRYJ gozOoe"
          >
            10
          </td>
          <td
            class="sc-iBPRYJ gozOoe"
          >
            11
          </td>
        </tr>
        <tr
          class="sc-gKsewC"
        >
          <td
            class="sc-iBPRYJ gozOoe"
          >
            12
          </td>
          <td
            class="sc-iBPRYJ gozOoe"
          >
            13
          </td>
          <td
            class="sc-iBPRYJ gozOoe"
          >
            14
          </td>
          <td
            class="sc-iBPRYJ gozOoe"
          >
            15
          </td>
          <td
            class="sc-iBPRYJ gozOoe"
          >
            16
          </td>
          <td
            class="sc-iBPRYJ gozOoe"
          >
            17
          </td>
          <td
            class="sc-iBPRYJ gozOoe"
          >
            18
          </td>
        </tr>
        <tr
          class="sc-gKsewC"
        >
          <td
            class="sc-iBPRYJ gozOoe"
          >
            19
          </td>
          <td
            class="sc-iBPRYJ gozOoe"
          >
            20
          </td>
          <td
            class="sc-iBPRYJ gozOoe"
          >
            21
          </td>
          <td
            class="sc-iBPRYJ gozOoe"
          >
            22
          </td>
          <td
            class="sc-iBPRYJ gozOoe"
          >
            23
          </td>
          <td
            class="sc-iBPRYJ gozOoe"
          >
            24
          </td>
          <td
            class="sc-iBPRYJ gozOoe"
          >
            25
          </td>
        </tr>
        <tr
          class="sc-gKsewC"
        >
          <td
            class="sc-iBPRYJ gozOoe"
          >
            26
          </td>
          <td
            class="sc-iBPRYJ gozOoe"
          >
            27
          </td>
          <td
            class="sc-iBPRYJ gozOoe"
          >
            28
          </td>
          <td
            class="sc-iBPRYJ gozOoe"
          >
            29
          </td>
          <td
            class="sc-iBPRYJ gozOoe"
          >
            30
          </td>
          <td
            class="sc-iBPRYJ gozOoe"
          >
            31
          </td>
          <td
            class="sc-iBPRYJ gozOoe"
          >
            1
          </td>
        </tr>
      </tbody>
    </table>
  </div>
</div>
`;
